tition Table:
[0;32mI (99) boot: ## Label            Usage          Type ï¿½ets Jul 29 2019 12:21:46[0m

rst:0x1 (POWERON_RESET),boot:0x13 (SPI_FAST_FLASH_BOOT)
configsip: 0, SPIWP:0xee
clk_drv:0x00,q_drv:0x00,d_drv:0x00,cs0_drv:0x00,hd_drv:0x00,wp_drv:0x00
mode:DIO, clock div:2
load:0x3fff0030,len:6276
load:0x40078000,len:15748
load:0x40080400,len:4
ho 8 tail 4 room 4
load:0x40080404,len:3860
entry 0x4008063c
[0;32mI (31) boot: ESP-IDF v5.4.1-dirty 2nd stage bootloader[0m
[0;32mI (31) boot: compile time Aug  6 2025 21:31:10[0m
[0;32mI (31) boot: Multicore bootloader[0m
[0;32mI (33) boot: chip revision: v3.1[0m
[0;32mI (36) boot.esp32: SPI Speed      : 40MHz[0m
[0;32mI (40) boot.esp32: SPI Mode       : DIO[0m
[0;32mI (43) boot.esp32: SPI Flash Size : 2MB[0m
[0;32mI (47) boot: Enabling RNG early entropy source...[0m
[0;32mI (51) boot: Partition Table:[0m
[0;32mI (54) boot: ## Label            Usage          Type ST Offset   Length[0m
[0;32mI (60) boot:  0 nvs              WiFi data        01 02 00009000 00006000[0m
[0;32mI (67) boot:  1 phy_init         RF data          01 01 0000f000 00001000[0m
[0;32mI (73) boot:  2 factory          factory app      00 00 00010000 00100000[0m
[0;32mI (80) boot: End of partition table[0m
[0;32mI (83) esp_image: segment 0: paddr=00010020 vaddr=3f400020 size=0afe4h ( 45028) map[0m
[0;32mI (106) esp_image: segment 1: paddr=0001b00c vaddr=3ff80000 size=0001ch (    28) load[0m
[0;32mI (106) esp_image: segment 2: paddr=0001b030 vaddr=3ffb0000 size=02438h (  9272) load[0m
[0;32mI (113) esp_image: segment 3: paddr=0001d470 vaddr=40080000 size=02ba8h ( 11176) load[0m
[0;32mI (122) esp_image: segment 4: paddr=00020020 vaddr=400d0020 size=15b54h ( 88916) map[0m
[0;32mI (155) esp_image: segment 5: paddr=00035b7c vaddr=40082ba8 size=0b9e4h ( 47588) load[0m
[0;32mI (181) boot: Loaded app from partition at offset 0x10000[0m
[0;32mI (181) boot: Disabling RNG early entropy source...[0m
[0;32mI (191) cpu_start: Multicore app[0m
[0;32mI (200) cpu_start: Pro cpu start user code[0m
[0;32mI (200) cpu_start: cpu freq: 160000000 Hz[0m
[0;32mI (200) app_init: Application information:[0m
[0;32mI (200) app_init: Project name:     testSPI[0m
[0;32mI (204) app_init: App version:      f8ca136[0m
[0;32mI (208) app_init: Compile time:     Aug  6 2025 21:31:05[0m
[0;32mI (213) app_init: ELF file SHA256:  66eb901cd...[0m
[0;32mI (217) app_init: ESP-IDF:          v5.4.1-dirty[0m
[0;32mI (221) efuse_init: Min chip rev:     v0.0[0m
[0;32mI (225) efuse_init: Max chip rev:     v3.99 [0m
[0;32mI (229) efuse_init: Chip rev:         v3.1[0m
[0;32mI (233) heap_init: Initializing. RAM available for dynamic allocation:[0m
[0;32mI (239) heap_init: At 3FFAE6E0 len 00001920 (6 KiB): DRAM[0m
[0;32mI (244) heap_init: At 3FFB2D20 len 0002D2E0 (180 KiB): DRAM[0m
[0;32mI (250) heap_init: At 3FFE0440 len 00003AE0 (14 KiB): D/IRAM[0m
[0;32mI (255) heap_init: At 3FFE4350 len 0001BCB0 (111 KiB): D/IRAM[0m
[0;32mI (260) heap_init: At 4008E58C len 00011A74 (70 KiB): IRAM[0m
[0;32mI (267) spi_flash: detected chip: generic[0m
[0;32mI (269) spi_flash: flash io: dio[0m
[0;33mW (272) spi_flash: Detected size(4096k) larger than the size in the binary image header(2048k). Using the size in the binary image header.[0m
[0;32mI (285) main_task: Started on CPU0[0m
[0;32mI (295) main_task: Calling app_main()[0m
ets Jul 29 2019 12:21:46

rst:0x8 (TG1WDT_SYS_RESET),boot:0x13 (SPI_FAST_FLASH_BOOT)
configsip: 0, SPIWP:0xee
clk_drv:0x00,q_drv:0x00,d_drv:0x00,cs0_drv:0x00,hd_drv:0x00,wp_drv:0x00
mode:DIO, clock div:2
load:0x3fff0030,len:6276
load:0x40078000,len:15748
load:0x40080400,len:4
ho 8 tail 4 room 4
load:0x40080404,len:3860
entry 0x4008063c
[0;32mI (61) boot: ESP-IDF v5.4.1-dirty 2nd stage bootloader[0m
[0;32mI (61) boot: compile time Aug  6 2025 21:31:10[0m
[0;32mI (61) boot: Multicore bootloader[0m
[0;32mI (64) boot: chip revision: v3.1[0m
[0;32mI (67) boot.esp32: SPI Speed      : 40MHz[0m
[0;32mI (71) boot.esp32: SPI Mode       : DIO[0m
[0;32mI (74) boot.esp32: SPI Flash Size : 2MB[0m
[0;33mW (78) boot.esp32: PRO CPU has been reset by WDT[0m
[0;33mW (82) boot.esp32: WDT rst info: PRO CPU PC=0x40081a0e[0m
[0;33mW (87) boot.esp32: WDT rst info: APP CPU PC=0x400876ff[0m
[0;32mI (92) boot: Enabling RNG early entropy source...[0m
[0;32mI (96) boot: Partition Table:[0m
[0;32mI (99) boot: ## Label            Usage          Type ST Offset   Length[0m
[0;32mI (105) boot:  0 nvs              WiFi data        01 02 00009000 00006000[0m
[0;32mI (112) boot:  1 phy_init         RF data          01 01 0000f000 00001000[0m
[0;32mI (118) boot:  2 factory          factory app      00 00 00010000 00100000[0m
[0;32mI (125) boot: End of partition table[0m
[0;32mI (128) esp_image: segment 0: paddr=00010020 vaddr=3f400020 size=0afe4h ( 45028) map[0m
[0;32mI (151) esp_image: segment 1: paddr=0001b00c vaddr=3ff80000 size=0001ch (    28) load[0m
[0;32mI (152) esp_image: segment 2: paddr=0001b030 vaddr=3ffb0000 size=02438h (  9272) load[0m
[0;32mI (159) esp_image: segment 3: paddr=0001d470 vaddr=40080000 size=02ba8h ( 11176) load[0m
[0;32mI (167) esp_image: segment 4: paddr=00020020 vaddr=400d0020 size=15b54h ( 88916) map[0m
[0;32mI (201) esp_image: segment 5: paddr=00035b7c vaddr=40082ba8 size=0b9e4h ( 47588) load[0m
[0;32mI (226) boot: Loaded app from partition at offset 0x10000[0m
[0;32mI (226) boot: Disabling RNG early entropy source...[0m
[0;32mI (237) cpu_start: Multicore app[0m
[0;32mI (245) cpu_start: Pro cpu start user code[0m
[0;32mI (245) cpu_start: cpu freq: 160000000 Hz[0m
[0;32mI (245) app_init: Application information:[0m
[0;32mI (245) app_init: Project name:     testSPI[0m
[0;32mI (249) app_init: App version:      f8ca136[0m
[0;32mI (253) app_init: Compile time:     Aug  6 2025 21:31:05[0m
[0;32mI (258) app_init: ELF file SHA256:  66eb901cd...[0m
[0;32mI (262) app_init: ESP-IDF:          v5.4.1-dirty[0m
[0;32mI (267) efuse_init: Min chip rev:     v0.0[0m
[0;32mI (271) efuse_init: Max chip rev:     v3.99 [0m
[0;32mI (275) efuse_init: Chip rev:         v3.1[0m
[0;32mI (279) heap_init: Initializing. RAM available for dynamic allocation:[0m
[0;32mI (285) heap_init: At 3FFAE6E0 len 00001920 (6 KiB): DRAM[0m
[0;32mI (290) heap_init: At 3FFB2D20 len 0002D2E0 (180 KiB): DRAM[0m
[0;32mI (295) heap_init: At 3FFE0440 len 00003AE0 (14 KiB): D/IRAM[0m
[0;32mI (301) heap_init: At 3FFE4350 len 0001BCB0 (111 KiB): D/IRAM[0m
[0;32mI (306) heap_init: At 4008E58C len 00011A74 (70 KiB): IRAM[0m
[0;32mI (313) spi_flash: detected chip: generic[0m
[0;32mI (315) spi_flash: flash io: dio[0m
[0;33mW (318) spi_flash: Detected size(4096k) larger than the size in the binary image header(2048k). Using the size in the binary image header.[0m
[0;32mI (331) main_task: Started on CPU0[0m
[0;32mI (341) main_task: Calling app_main()[0m
ets Jul 29 2019 12:21:46

rst:0x8 (TG1WDT_SYS_RESET),boot:0x13 (SPI_FAST_FLASH_BOOT)
configsip: 0, SPIWP:0xee
clk_drv:0x00,q_drv:0x00,d_drv:0x00,cs0_drv:0x00,hd_drv:0x00,wp_drv:0x00
mode:DIO, clock div:2
load:0x3fff0030,len:6276
load:0x40078000,len:15748
load:0x40080400,len:4
ho 8 tail 4 room 4
load:0x40080404,len:3860
entry 0x4008063c
[0;32mI (61) boot: ESP-IDF v5.4.1-dirty 2nd stage bootloader[0m
[0;32mI (61) boot: compile time Aug  6 2025 21:31:10[0m
[0;32mI (61) boot: Multicore bootloader[0m
[0;32mI (64) boot: chip revision: v3.1[0m
[0;32mI (67) boot.esp32: SPI Speed      : 40MHz[0m
[0;32mI (71) boot.esp32: SPI Mode       : DIO[0m
[0;32mI (74) boot.esp32: SPI Flash Size : 2MB[0m
[0;33mW (78) boot.esp32: PRO CPU has been reset by WDT[0m
[0;33mW (82) boot.esp32: WDT rst info: PRO CPU PC=0x40081a0e[0m
[0;33mW (87) boot.esp32: WDT rst info: APP CPU PC=0x400876ca[0m
[0;32mI (92) boot: Enabling RNG early entropy source...[0m
[0;32mI (96) boot: Partition Table:[0m
[0;32mI (99) boot: ## Label            Usage          Type ST Offset   Length[0m
[0;32mI (105) boot:  0 nvs              WiFi data        01 02 00009000 00006000[0m
[0;32mI (112) boot:  1 phy_init         RF data          01 01 0000f000 00001000[0m
[0;32mI (118) boot:  2 factory          factory app      00 00 00010000 00100000[0m
[0;32mI (125) boot: End of partition table[0m
[0;32mI (128) esp_image: segment 0: paddr=00010020 vaddr=3f400020 size=0afe4h ( 45028) map[0m
[0;32mI (151) esp_image: segment 1: paddr=0001b00c vaddr=3ff80000 size=0001ch (    28) load[0m
[0;32mI (152) esp_image: segment 2: paddr=0001b030 vaddr=3ffb0000 size=02438h (  9272) load[0m
[0;32mI (159) esp_image: segment 3: paddr=0001d470 vaddr=40080000 size=02ba8h ( 11176) load[0m
[0;32mI (167) esp_image: segment 4: paddr=00020020 vaddr=400d0020 size=15b54h ( 88916) map[0m
[0;32mI (201) esp_image: segment 5: paddr=00035b7c vaddr=40082ba8 size=0b9e4h ( 47588) load[0m
[0;32mI (226) boot: Loaded app from partition at offset 0x10000[0m
[0;32mI (226) boot: Disabling RNG early entropy source...[0m
[0;32mI (237) cpu_start: Multicore app[0m
[0;32mI (245) cpu_start: Pro cpu start user code[0m
[0;32mI (245) cpu_start: cpu freq: 160000000 Hz[0m
[0;32mI (245) app_init: Application information:[0m
[0;32mI (245) app_init: Project name:     testSPI[0m
[0;32mI (249) app_init: App version:      f8ca136[0m
[0;32mI (253) app_init: Compile time:     Aug  6 2025 21:31:05[0m
[0;32mI (258) app_init: ELF file SHA256:  66eb901cd...[0m
[0;32mI (263) app_init: ESP-IDF:          v5.4.1-dirty[0m
[0;32mI (267) efuse_init: Min chip rev:     v0.0[0m
[0;32mI (271) efuse_init: Max chip rev:     v3.99 [0m
[0;32mI (275) efuse_init: Chip rev:         v3.1[0m
[0;32mI (279) heap_init: Initializing. RAM available for dynamic allocation:[0m
[0;32mI (285) heap_init: At 3FFAE6E0 len 00001920 (6 KiB): DRAM[0m
[0;32mI (290) heap_init: At 3FFB2D20 len 0002D2E0 (180 KiB): DRAM[0m
[0;32mI (295) heap_init: At 3FFE0440 len 00003AE0 (14 KiB): D/IRAM[0m
[0;32mI (301) heap_init: At 3FFE4350 len 0001BCB0 (111 KiB): D/IRAM[0m
[0;32mI (306) heap_init: At 4008E58C len 00011A74 (70 KiB): IRAM[0m
[0;32mI (313) spi_flash: detected chip: generic[0m
[0;32mI (315) spi_flash: flash io: dio[0m
[0;33mW (318) spi_flash: Detected size(4096k) larger than the size in the binary image header(2048k). Using the size in the binary image header.[0m
[0;32mI (331) main_task: Started on CPU0[0m
[0;32mI (341) main_task: Calling app_main()[0m
ets Jul 29 2019 12:21:46

rst:0x8 (TG1WDT_SYS_RESET),boot:0x13 (SPI_FAST_FLASH_BOOT)
configsip: 0, SPIWP:0xee
clk_drv:0x00,q_drv:0x00,d_drv:0x00,cs0_drv:0x00,hd_drv:0x00,wp_drv:0x00
mode:DIO, clock div:2
load:0x3fff0030,len:6276
load:0x40078000,len:15748
load:0x40080400,len:4
ho 8 tail 4 room 4
load:0x40080404,len:3860
entry 0x4008063c
[0;32mI (61) boot: ESP-IDF v5.4.1-dirty 2nd stage bootloader[0m
[0;32mI (61) boot: compile time Aug  6 2025 21:31:10[0m
[0;32mI (61) boot: Multicore bootloader[0m
[0;32mI (64) boot: chip revision: v3.1[0m
[0;32mI (67) boot.esp32: SPI Speed      : 40MHz[0m
[0;32mI (71) boot.esp32: SPI Mode       : DIO[0m
[0;32mI (74) boot.esp32: SPI Flash Size : 2MB[0m
[0;33mW (78) boot.esp32: PRO CPU has been reset by WDT[0m
[0;33mW (82) boot.esp32: WDT rst info: PRO CPU PC=0x40081a0e[0m
[0;33mW (87) boot.esp32: WDT rst info: APP CPU PC=0x400876b5[0m
[0;32mI (92) boot: Enabling RNG early entropy source...[0m
[0;32mI (96) boot: Partition Table:[0m
[0;32mI (99) boot: ## Label            Usage          Type ST Offset   Length[0m
[0;32mI (105) boot:  0 nvs              WiFi data        01 02 00009000 00006000[0m
[0;32mI (112) boot:  1 phy_init         RF data          01 01 0000f000 00001000[0m
[0;32mI (118) boot:  2 factory          factory app      00 00 00010000 00100000[0m
[0;32mI (125) boot: End of partition table[0m
[0;32mI (128) esp_image: segment 0: paddr=00010020 vaddr=3f400020 size=0afe4h ( 45028) map[0m
[0;32mI (151) esp_image: segment 1: paddr=0001b00c vaddr=3ff80000 size=0001ch (    28) load[0m
[0;32mI (152) esp_image: segment 2: paddr=0001b030 vaddr=3ffb0000 size=02438h (  9272) load[0m
[0;32mI (159) esp_image: segment 3: paddr=0001d470 vaddr=40080000 size=02ba8h ( 11176) load[0m
[0;32mI (167) esp_image: segment 4: paddr=00020020 vaddr=400d0020 size=15b54h ( 88916) map[0m
[0;32mI (201) esp_image: segment 5: paddr=00035b7c vaddr=40082ba8 size=0b9e4h ( 47588) load[0m
[0;32mI (226) boot: Loaded app from partition at offset 0x10000[0m
[0;32mI (226) boot: Disabling RNG early entropy source...[0m
[0;32mI (237) cpu_start: Multicore app[0m
[0;32mI (245) cpu_start: Pro cpu start user code[0m
[0;32mI (245) cpu_start: cpu freq: 160000000 Hz[0m
[0;32mI (245) app_init: Application information:[0m
[0;32mI (245) app_init: Project name:     testSPI[0m
[0;32mI (249) app_init: App version:      f8ca136[0m
[0;32mI (253) app_init: Compile time:     Aug  6 2025 21:31:05[0m
[0;32mI (258) app_init: ELF file SHA256:  66eb901cd...[0m
[0;32mI (262) app_init: ESP-IDF:          v5.4.1-dirty[0m
[0;32mI (267) efuse_init: Min chip rev:     v0.0[0m
[0;32mI (271) efuse_init: Max chip rev:     v3.99 [0m
[0;32mI (275) efuse_init: Chip rev:         v3.1[0m
[0;32mI (279) heap_init: Initializing. RAM available for dynamic allocation:[0m
[0;32mI (285) heap_init: At 3FFAE6E0 len 00001920 (6 KiB): DRAM[0m
[0;32mI (290) heap_init: At 3FFB2D20 len 0002D2E0 (180 KiB): DRAM[0m
[0;32mI (295) heap_init: At 3FFE0440 len 00003AE0 (14 KiB): D/IRAM[0m
[0;32mI (301) heap_init: At 3FFE4350 len 0001BCB0 (111 KiB): D/IRAM[0m
[0;32mI (306) heap_init: At 4008E58C len 00011A74 (70 KiB): IRAM[0m
[0;32mI (313) spi_flash: detected chip: generic[0m
[0;32mI (315) spi_flash: flash io: dio[0m
[0;33mW (318) spi_flash: Detected size(4096k) larger than the size in the binary image header(2048k). Using the size in the binary image header.[0m
[0;32mI (331) main_task: Started on CPU0[0m
[0;32mI (341) main_task: Calling app_main()[0m
ets Jul 29 2019 12:21:46

rst:0x8 (TG1WDT_SYS_RESET),boot:0x13 (SPI_FAST_FLASH_BOOT)
configsip: 0, SPIWP:0xee
clk_drv:0x00,q_drv:0x00,d_drv:0x00,cs0_drv:0x00,hd_drv:0x00,wp_drv:0x00
mode:DIO, clock div:2
load:0x3fff0030,len:6276
load:0x40078000,len:15748
load:0x40080400,len:4
ho 8 tail 4 room 4
load:0x40080404,len:3860
entry 0x4008063c
[0;32mI (61) boot: ESP-IDF v5.4.1-dirty 2nd stage bootloader[0m
[0;32mI (61) boot: compile time Aug  6 2025 21:31:10[0m
[0;32mI (61) boot: Multicore bootloader[0m
[0;32mI (64) boot: chip revision: v3.1[0m
[0;32mI (67) boot.esp32: SPI Speed      : 40MHz[0m
[0;32mI (71) boot.esp32: SPI Mode       : DIO[0m
[0;32mI (74) boot.esp32: SPI Flash Size : 2MB[0m
[0;33mW (78) boot.esp32: PRO CPU has been reset by WDT[0m
[0;33mW (82) boot.esp32: WDT rst info: PRO CPU PC=0x40081a0e[0m
[0;33mW (87) boot.esp32: WDT rst info: APP CPU PC=0x400876bf[0m
[0;32mI (92) boot: Enabling RNG early entropy source...[0m
[0;32mI (96) boot: Partition Table:[0m
[0;32mI (99) boot: ## Label            Usage          Type ST Offset   Length[0m
[0;32mI (105) boot:  0 nvs              WiFi data        01 02 00009000 00006000[0m
[0;32mI (112) boot:  1 phy_init         RF data          01 01 0000f000 00001000[0m
[0;32mI (118) boot:  2 factory          factory app      00 00 00010000 00100000[0m
[0;32mI (125) boot: End of partition table[0m
[0;32mI (128) esp_image: segment 0: paddr=00010020 vaddr=3f400020 size=0afe4h ( 45028) map[0m
[0;32mI (151) esp_image: segment 1: paddr=0001b00c vaddr=3ff80000 size=0001ch (    28) load[0m
[0;32mI (152) esp_image: segment 2: paddr=0001b030 vaddr=3ffb0000 size=02438h (  9272) load[0m
[0;32mI (159) esp_image: segment 3: paddr=0001d470 vaddr=40080000 size=02ba8h ( 11176) load[0m
[0;32mI (167) esp_image: segment 4: paddr=00020020 vaddr=400d0020 size=15b54h ( 88916) map[0m
[0;32mI (201) esp_image: segment 5: paddr=00035b7c vaddr=40082ba8 size=0b9e4h ( 47588) load[0m
[0;32mI (226) boot: Loaded app from partition at offset 0x10000[0m
[0;32mI (226) boot: Disabling RNG early entropy source...[0m
[0;32mI (237) cpu_start: Multicore app[0m
[0;32mI (245) cpu_start: Pro cpu start user code[0m
[0;32mI (245) cpu_start: cpu freq: 160000000 Hz[0m
[0;32mI (245) app_init: Application information:[0m
[0;32mI (245) app_init: Project name:     testSPI[0m
[0;32mI (249) app_init: App version:      f8ca136[0m
[0;32mI (253) app_init: Compile time:     Aug  6 2025 21:31:05[0m
[0;32mI (258) app_init: ELF file SHA256:  66eb901cd...[0m
[0;32mI (262) app_init: ESP-IDF:          v5.4.1-dirty[0m
[0;32mI (267) efuse_init: Min chip rev:     v0.0[0m
[0;32mI (271) efuse_init: Max chip rev:     v3.99 [0m
[0;32mI (275) efuse_init: Chip rev:         v3.1[0m
[0;32mI (279) heap_init: Initializing. RAM available for dynamic allocation:[0m
[0;32mI (285) heap_init: At 3FFAE6E0 len 00001920 (6 KiB): DRAM[0m
[0;32mI (290) heap_init: At 3FFB2D20 len 0002D2E0 (180 KiB): DRAM[0m
[0;32mI (295) heap_init: At 3FFE0440 len 00003AE0 (14 KiB): D/IRAM[0m
[0;32mI (301) heap_init: At 3FFE4350 len 0001BCB0 (111 KiB): D/IRAM[0m
[0;32mI (306) heap_init: At 4008E58C len 00011A74 (70 KiB): IRAM[0m
[0;32mI (313) spi_flash: detected chip: generic[0m
[0;32mI (315) spi_flash: flash io: dio[0m
[0;33mW (318) spi_flash: Detected size(4096k) larger than the size in the binary image header(2048k). Using the size in the binary image header.[0m
[0;32mI (331) main_task: Started on CPU0[0m
[0;32mI (341) main_task: Calling app_main()[0m
ets Jul 29 2019 12:21:46

rst:0x8 (TG1WDT_SYS_RESET),boot:0x13 (SPI_FAST_FLASH_BOOT)
configsip: 0, SPIWP:0xee
clk_drv:0x00,q_drv:0x00,d_drv:0x00,cs0_drv:0x00,hd_drv:0x00,wp_drv:0x00
mode:DIO, clock div:2
load:0x3fff0030,len:6276
load:0x40078000,len:15748
load:0x40080400,len:4
ho 8 tail 4 room 4
load:0x40080404,len:3860
entry 0x4008063c
[0;32mI (61) boot: ESP-IDF v5.4.1-dirty 2nd stage bootloader[0m
[0;32mI (61) boot: compile time Aug  6 2025 21:31:10[0m
[0;32mI (61) boot: Multicore bootloader[0m
[0;32mI (64) boot: chip revision: v3.1[0m
[0;32mI (67) boot.esp32: SPI Speed      : 40MHz[0m
[0;32mI (71) boot.esp32: SPI Mode       : DIO[0m
[0;32mI (74) boot.esp32: SPI Flash Size : 2MB[0m
[0;33mW (78) boot.esp32: PRO CPU has been reset by WDT[0m
[0;33mW (82) boot.esp32: WDT rst info: PRO CPU PC=0x40081a0e[0m
[0;33mW (87) boot.esp32: WDT rst info: APP CPU PC=0x40082eae[0m
[0;32mI (92) boot: Enabling RNG early entropy source...[0m
[0;32mI (96) boot: Partition Table:[0m
[0;32mI (99) boot: ## Label            Usage          Type ST Offset   Length[0m
[0;32mI (105) boot:  0 nvs              WiFi data        01 02 00009000 00006000[0m
[0;32mI (112) boot:  1 phy_init         RF data          01 01 0000f000 00001000[0m
[0;32mI (118) boot:  2 factory          factory app      00 00 00010000 00100000[0m
[0;32mI (125) boot: End of partition table[0m
[0;32mI (128) esp_image: segment 0: paddr=00010020 vaddr=3f400020 size=0afe4h ( 45028) map[0m
[0;32mI (151) esp_image: segment 1: paddr=0001b00c vaddr=3ff80000 size=0001ch (    28) load[0m
[0;32mI (152) esp_image: segment 2: paddr=0001b030 vaddr=3ffb0000 size=02438h (  9272) load[0m
[0;32mI (159) esp_image: segment 3: paddr=0001d470 vaddr=40080000 size=02ba8h ( 11176) load[0m
[0;32mI (167) esp_image: segment 4: paddr=00020020 vaddr=400d0020 size=15b54h ( 88916) map[0m
[0;32mI (201) esp_image: segment 5: paddr=00035b7c vaddr=40082ba8 size=0b9e4h ( 47588) load[0m
[0;32mI (226) boot: Loaded app from partition at offset 0x10000[0m
[0;32mI (226) boot: Disabling RNG early entropy source...[0m
[0;32mI (237) cpu_start: Multicore app[0m
[0;32mI (245) cpu_start: Pro cpu start user code[0m
[0;32mI (245) cpu_start: cpu freq: 160000000 Hz[0m
[0;32mI (245) app_init: Application information:[0m
[0;32mI (245) app_init: Project name:     testSPI[0m
[0;32mI (249) app_init: App version:      f8ca136[0m
[0;32mI (253) app_init: Compile time:     Aug  6 2025 21:31:05[0m
[0;32mI (258) app_init: ELF file SHA256:  66eb901cd...[0m
[0;32mI (262) app_init: ESP-IDF:          v5.4.1-dirty[0m
[0;32mI (267) efuse_init: Min chip rev:     v0.0[0m
[0;32mI (271) efuse_init: Max chip rev:     v3.99 [0m
[0;32mI (275) efuse_init: Chip rev:         v3.1[0m
[0;32mI (279) heap_init: Initializing. RAM available for dynamic allocation:[0m
[0;32mI (285) heap_init: At 3FFAE6E0 len 00001920 (6 KiB): DRAM[0m
[0;32mI (290) heap_init: At 3FFB2D20 len 0002D2E0 (180 KiB): DRAM[0m
[0;32mI (295) heap_init: At 3FFE0440 len 00003AE0 (14 KiB): D/IRAM[0m
[0;32mI (301) heap_init: At 3FFE4350 len 0001BCB0 (111 KiB): D/IRAM[0m
[0;32mI (306) heap_init: At 4008E58C len 00011A74 (70 KiB): IRAM[0m
[0;32mI (313) spi_flash: detected chip: generic[0m
[0;32mI (315) spi_flash: flash io: dio[0m
[0;33mW (318) spi_flash: Detected size(4096k) larger than the size in the binary image header(2048k). Using the size in the binary image header.[0m
[0;32mI (331) main_task: Started on CPU0[0m
[0;32mI (341) main_task: Calling app_main()[0m
ets Jul 29 2019 12:21:46

rst:0x8 (TG1WDT_SYS_RESET),boot:0x13 (SPI_FAST_FLASH_BOOT)
configsip: 0, SPIWP:0xee
clk_drv:0x00,q_drv:0x00,d_drv:0x00,cs0_drv:0x00,hd_drv:0x00,wp_drv:0x00
mode:DIO, clock div:2
load:0x3fff0030,len:6276
load:0x40078000,len:15748
load:0x40080400,len:4
ho 8 tail 4 room 4
load:0x40080404,len:3860
entry 0x4008063c
[0;32mI (61) boot: ESP-IDF v5.4.1-dirty 2nd stage bootloader[0m
[0;32mI (61) boot: compile time Aug  6 2025 21:31:10[0m
[0;32mI (61) boot: Multicore bootloader[0m
[0;32mI (64) boot: chip revision: v3.1[0m
[0;32mI (67) boot.esp32: SPI Speed      : 40MHz[0m
[0;32mI (71) boot.esp32: SPI Mode       : DIO[0m
[0;32mI (74) boot.esp32: SPI Flash Size : 2MB[0m
[0;33mW (78) boot.esp32: PRO CPU has been reset by WDT[0m
[0;33mW (82) boot.esp32: WDT rst info: PRO CPU PC=0x40081a0e[0m
[0;33mW (87) boot.esp32: WDT rst info: APP CPU PC=0x40082e1c[0m
[0;32mI (92) boot: Enabling RNG early entropy source...[0m
[0;32mI (96) boot: Partition Table:[0m
[0;32mI (99) boot: ## Label            Usage          Type ST Offset   Length[0m
[0;32mI (105) boot:  0 nvs              WiFi data        01 02 00009000 00006000[0m
[0;32mI (112) boot:  1 phy_init         RF data          01 01 0000f000 00001000[0m
[0;32mI (118) boot:  2 factory          factory app      00 00 00010000 00100000[0m
[0;32mI (125) boot: End of partition table[0m
[0;32mI (128) esp_image: segment 0: paddr=00010020 vaddr=3f400020 size=0afe4h ( 45028) map[0m
[0;32mI (151) esp_image: segment 1: paddr=0001b00c vaddr=3ff80000 size=0001ch (    28) load[0m
[0;32mI (152) esp_image: segment 2: paddr=0001b030 vaddr=3ffb0000 size=02438h (  9272) load[0m
[0;32mI (159) esp_image: segment 3: paddr=0001d470 vaddr=40080000 size=02ba8h ( 11176) load[0m
[0;32mI (167) esp_image: segment 4: paddr=00020020 vaddr=400d0020 size=15b54h ( 88916) map[0m
[0;32mI (201) esp_image: segment 5: paddr=00035b7c vaddr=40082ba8 size=0b9e4h ( 47588) load[0m
[0;32mI (226) boot: Loaded app from partition at offset 0x10000[0m
[0;32mI (226) boot: Disabling RNG early entropy source...[0m
[0;32mI (237) cpu_start: Multicore app[0m
[0;32mI (245) cpu_start: Pro cpu start user code[0m
[0;32mI (245) cpu_start: cpu freq: 160000000 Hz[0m
[0;32mI (245) app_init: Application information:[0m
[0;32mI (245) app_init: Project name:     testSPI[0m
[0;32mI (249) app_init: App version:      f8ca136[0m
[0;32mI (253) app_init: Compile time:     Aug  6 2025 21:31:05[0m
[0;32mI (258) app_init: ELF file SHA256:  66eb901cd...[0m
[0;32mI (262) app_init: ESP-IDF:          v5.4.1-dirty[0m
[0;32mI (267) efuse_init: Min chip rev:     v0.0[0m
[0;32mI (271) efuse_init: Max chip rev:     v3.99 [0m
[0;32mI (275) efuse_init: Chip rev:         v3.1[0m
[0;32mI (279) heap_init: Initializing. RAM available for dynamic allocation:[0m
[0;32mI (285) heap_init: At 3FFAE6E0 len 00001920 (6 KiB): DRAM[0m
[0;32mI (290) heap_init: At 3FFB2D20 len 0002D2E0 (180 KiB): DRAM[0m
[0;32mI (295) heap_init: At 3FFE0440 len 00003AE0 (14 KiB): D/IRAM[0m
[0;32mI (301) heap_init: At 3FFE4350 len 0001BCB0 (111 KiB): D/IRAM[0m
[0;32mI (306) heap_init: At 4008E58C len 00011A74 (70 KiB): IRAM[0m
[0;32mI (313) spi_flash: detected chip: generic[0m
[0;32mI (315) spi_flash: flash io: dio[0m
[0;33mW (318) spi_flash: Detected size(4096k) larger than the size in the binary image header(2048k). Using the size in the binary image header.[0m
[0;32mI (331) main_task: Started on CPU0[0m
[0;32mI (341) main_task: Calling app_main()[0m
ets Jul 29 2019 12:21:46

rst:0x8 (TG1WDT_SYS_RESET),boot:0x13 (SPI_FAST_FLASH_BOOT)
configsip: 0, SPIWP:0xee
clk_drv:0x00,q_drv:0x00,d_drv:0x00,cs0_drv:0x00,hd_drv:0x00,wp_drv:0x00
mode:DIO, clock div:2
load:0x3fff0030,len:6276
load:0x40078000,len:15748
load:0x40080400,len:4
ho 8 tail 4 room 4
load:0x40080404,len:3860
entry 0x4008063c
[0;32mI (61) boot: ESP-IDF v5.4.1-dirty 2nd stage bootloader[0m
[0;32mI (61) boot: compile time Aug  6 2025 21:31:10[0m
[0;32mI (61) boot: Multicore bootloader[0m
[0;32mI (64) boot: chip revision: v3.1[0m
[0;32mI (67) boot.esp32: SPI Speed      : 40MHz[0m
[0;32mI (71) boot.esp32: SPI Mode       : DIO[0m
[0;32mI (74) boot.esp32: SPI Flash Size : 2MB[0m
[0;33mW (78) boot.esp32: PRO CPU has been reset by WDT[0m
[0;33mW (82) boot.esp32: WDT rst info: PRO CPU PC=0x40081a0e[0m
[0;33mW (87) boot.esp32: WDT rst info: APP CPU PC=0x400876a6[0m
[0;32mI (92) boot: Enabling RNG early entropy source...[0m
[0;32mI (96) boot: Partition Table:[0m
[0;32mI (99) boot: ## Label            Usage          Type ST Offset   Length[0m
[0;32mI (105) boot:  0 nvs              WiFi data        01 02 00009000 00006000[0m
[0;32mI (112) boot:  1 phy_init         RF data          01 01 0000f000 00001000[0m
[0;32mI (118) boot:  2 factory          factory app      00 00 00010000 00100000[0m
[0;32mI (125) boot: End of partition table[0m
[0;32mI (128) esp_image: segment 0: paddr=00010020 vaddr=3f400020 size=0afe4h ( 45028) map[0m
[0;32mI (151) esp_image: segment 1: paddr=0001b00c vaddr=3ff80000 size=0001ch (    28) load[0m
[0;32mI (152) esp_image: segment 2: paddr=0001b030 vaddr=3ffb0000 size=02438h (  9272) load[0m
[0;32mI (159) esp_image: segment 3: paddr=0001d470 vaddr=40080000 size=02ba8h ( 11176) load[0m
[0;32mI (167) esp_image: segment 4: paddr=00020020 vaddr=400d0020 size=15b54h ( 88916) map[0m
[0;32mI (201) esp_image: segment 5: paddr=00035b7c vaddr=40082ba8 size=0b9e4h ( 47588) load[0m
[0;32mI (226) boot: Loaded app from partition at offset 0x10000[0m
[0;32mI (226) boot: Disabling RNG early entropy source...[0m
[0;32mI (237) cpu_start: Multicore app[0m
[0;32mI (245) cpu_start: Pro cpu start user code[0m
[0;32mI (245) cpu_start: cpu freq: 160000000 Hz[0m
[0;32mI (245) app_init: Application information:[0m
[0;32mI (245) app_init: Project name:     testSPI[0m
[0;32mI (249) app_init: App version:      f8ca136[0m
[0;32mI (253) app_init: Compile time:     Aug  6 2025 21:31:05[0m
[0;32mI (258) app_init: ELF file SHA256:  66eb901cd...[0m
[0;32mI (262) app_init: ESP-IDF:          v5.4.1-dirty[0m
[0;32mI (267) efuse_init: Min chip rev:     v0.0[0m
[0;32mI (271) efuse_init: Max chip rev:     v3.99 [0m
[0;32mI (275) efuse_init: Chip rev:         v3.1[0m
[0;32mI (279) heap_init: Initializing. RAM available for dynamic allocation:[0m
[0;32mI (285) heap_init: At 3FFAE6E0 len 00001920 (6 KiB): DRAM[0m
[0;32mI (290) heap_init: At 3FFB2D20 len 0002D2E0 (180 KiB): DRAM[0m
[0;32mI (295) heap_init: At 3FFE0440 len 00003AE0 (14 KiB): D/IRAM[0m
[0;32mI (301) heap_init: At 3FFE4350 len 0001BCB0 (111 KiB): D/IRAM[0m
[0;32mI (306) heap_init: At 4008E58C len 00011A74 (70 KiB): IRAM[0m
[0;32mI (313) spi_flash: detected chip: generic[0m
[0;32mI (315) spi_flash: flash io: dio[0m
[0;33mW (318) spi_flash: Detected size(4096k) larger than the size in the binary image header(2048k). Using the size in the binary image header.[0m
[0;32mI (331) main_task: Started on CPU0[0m
[0;32mI (341) main_task: Calling app_main()[0m
ets Jul 29 2019 12:21:46

rst:0x8 (TG1WDT_SYS_RESET),boot:0x13 (SPI_FAST_FLASH_BOOT)
configsip: 0, SPIWP:0xee
clk_drv:0x00,q_drv:0x00,d_drv:0x00,cs0_drv:0x00,hd_drv:0x00,wp_drv:0x00
mode:DIO, clock div:2
load:0x3fff0030,len:6276
load:0x40078000,len:15748
load:0x40080400,len:4
ho 8 tail 4 room 4
load:0x40080404,len:3860
entry 0x4008063c
[0;32mI (61) boot: ESP-IDF v5.4.1-dirty 2nd stage bootloader[0m
[0;32mI (61) boot: compile time Aug  6 2025 21:31:10[0m
[0;32mI (61) boot: Multicore bootloader[0m
[0;32mI (64) boot: chip revision: v3.1[0m
[0;32mI (67) boot.esp32: SPI Speed      : 40MHz[0m
[0;32mI (71) boot.esp32: SPI Mode       : DIO[0m
[0;32mI (74) boot.esp32: SPI Flash Size : 2MB[0m
[0;33mW (78) boot.esp32: PRO CPU has been reset by WDT[0m
[0;33mW (82) boot.esp32: WDT rst info: PRO CPU PC=0x40081a0e[0m
[0;33mW (87) boot.esp32: WDT rst info: APP CPU PC=0x400876b5[0m
[0;32mI (92) boot: Enabling RNG early entropy source...[0m
[0;32mI (96) boot: Partition Table:[0m
[0;32mI (99) boot: ## Label            Usage          Type ST Offset   Length[0m
[0;32mI (105) boot:  0 nvs              WiFi data        01 02 00009000 00006000[0m
[0;32mI (112) boot:  1 phy_init         RF data          01 01 0000f000 00001000[0m
[0;32mI (118) boot:  2 factory          factory app      00 00 00010000 00100000[0m
[0;32mI (125) boot: End of partition table[0m
[0;32mI (128) esp_image: segment 0: paddr=00010020 vaddr=3f400020 size=0afe4h ( 45028) map[0m
[0;32mI (151) esp_image: segment 1: paddr=0001b00c vaddr=3ff80000 size=0001ch (    28) load[0m
[0;32mI (152) esp_image: segment 2: paddr=0001b030 vaddr=3ffb0000 size=02438h (  9272) load[0m
[0;32mI (159) esp_image: segment 3: paddr=0001d470 vaddr=40080000 size=02ba8h ( 11176) load[0m
[0;32mI (167) esp_image: segment 4: paddr=00020020 vaddr=400d0020 size=15b54h ( 88916) map[0m
[0;32mI (201) esp_image: segment 5: paddr=00035b7c vaddr=40082ba8 size=0b9e4h ( 47588) load[0m
[0;32mI (226) boot: Loaded app from partition at offset 0x10000[0m
[0;32mI (226) boot: Disabling RNG early entropy source...[0m
[0;32mI (237) cpu_start: Multicore app[0m
[0;32mI (245) cpu_start: Pro cpu start user code[0m
[0;32mI (245) cpu_start: cpu freq: 160000000 Hz[0m
[0;32mI (245) app_init: Application information:[0m
[0;32mI (245) app_init: Project name:     testSPI[0m
[0;32mI (249) app_init: App version:      f8ca136[0m
[0;32mI (253) app_init: Compile time:     Aug  6 2025 21:31:05[0m
[0;32mI (258) app_init: ELF file SHA256:  66eb901cd...[0m
[0;32mI (263) app_init: ESP-IDF:          v5.4.1-dirty[0m
[0;32mI (267) efuse_init: Min chip rev:     v0.0[0m
[0;32mI (271) efuse_init: Max chip rev:     v3.99 [0m
[0;32mI (275) efuse_init: Chip rev:         v3.1[0m
[0;32mI (279) heap_init: Initializing. RAM available for dynamic allocation:[0m
[0;32mI (285) heap_init: At 3FFAE6E0 len 00001920 (6 KiB): DRAM[0m
[0;32mI (290) heap_init: At 3FFB2D20 len 0002D2E0 (180 KiB): DRAM[0m
[0;32mI (295) heap_init: At 3FFE0440 len 00003AE0 (14 KiB): D/IRAM[0m
[0;32mI (301) heap_init: At 3FFE4350 len 0001BCB0 (111 KiB): D/IRAM[0m
[0;32mI (306) heap_init: At 4008E58C len 00011A74 (70 KiB): IRAM[0m
[0;32mI (313) spi_flash: detected chip: generic[0m
[0;32mI (315) spi_flash: flash io: dio[0m
[0;33mW (318) spi_flash: Detected size(4096k) larger than the size in the binary image header(2048k). Using the size in the binary image header.[0m
[0;32mI (331) main_task: Started on CPU0[0m
[0;32mI (341) main_task: Calling app_main()[0m
ets Jul 29 2019 12:21:46

rst:0x8 (TG1WDT_SYS_RESET),boot:0x13 (SPI_FAST_FLASH_BOOT)
configsip: 0, SPIWP:0xee
clk_drv:0x00,q_drv:0x00,d_drv:0x00,cs0_drv:0x00,hd_drv:0x00,wp_drv:0x00
mode:DIO, clock div:2
load:0x3fff0030,len:6276
load:0x40078000,len:15748
load:0x40080400,len:4
ho 8 tail 4 room 4
load:0x40080404,len:3860
entry 0x4008063c
[0;32mI (61) boot: ESP-IDF v5.4.1-dirty 2nd stage bootloader[0m
[0;32mI (61) boot: compile time Aug  6 2025 21:31:10[0m
[0;32mI (61) boot: Multicore bootloader[0m
[0;32mI (64) boot: chip revision: v3.1[0m
[0;32mI (67) boot.esp32: SPI Speed      : 40MHz[0m
[0;32mI (71) boot.esp32: SPI Mode       : DIO[0m
[0;32mI (74) boot.esp32: SPI Flash Size : 2MB[0m
[0;33mW (78) boot.esp32: PRO CPU has been reset by WDT[0m
[0;33mW (82) boot.esp32: WDT rst info: PRO CPU PC=0x40081a0e[0m
[0;33mW (87) boot.esp32: WDT rst info: APP CPU PC=0x400876c3[0m
[0;32mI (92) boot: Enabling RNG early entropy source...[0m
[0;32mI (96) boot: Partition Table:[0m
[0;32mI (99) boot: ## Label            Usage          Type ST Offset   Length[0m
[0;32mI (105) boot:  0 nvs              WiFi data        01 02 00009000 00006000[0m
[0;32mI (112) boot:  1 phy_init         RF data          01 01 0000f000 00001000[0m
[0;32mI (118) boot:  2 factory          factory app      00 00 00010000 00100000[0m
[0;32mI (125) boot: End of partition table[0m
[0;32mI (128) esp_image: segment 0: paddr=00010020 vaddr=3f400020 size=0afe4h ( 45028) map[0m
[0;32mI (151) esp_image: segment 1: paddr=0001b00c vaddr=3ff80000 size=0001ch (    28) load[0m
[0;32mI (152) esp_image: segment 2: paddr=0001b030 vaddr=3ffb0000 size=02438h (  9272) load[0m
[0;32mI (159) esp_image: segment 3: paddr=0001d470 vaddr=40080000 size=02ba8h ( 11176) load[0m
[0;32mI (167) esp_image: segment 4: paddr=00020020 vaddr=400d0020 size=15b54h ( 88916) map[0m
[0;32mI (201) esp_image: segment 5: paddr=00035b7c vaddr=40082ba8 size=0b9e4h ( 47588) load[0m
[0;32mI (226) boot: Loaded app from partition at offset 0x10000[0m
[0;32mI (226) boot: Disabling RNG early entropy source...[0m
[0;32mI (237) cpu_start: Multicore app[0m
[0;32mI (245) cpu_start: Pro cpu start user code[0m
[0;32mI (245) cpu_start: cpu freq: 160000000 Hz[0m
[0;32mI (245) app_init: Application information:[0m
[0;32mI (245) app_init: Project name:     testSPI[0m
[0;32mI (249) app_init: App version:      f8ca136[0m
[0;32mI (253) app_init: Compile time:     Aug  6 2025 21:31:05[0m
[0;32mI (258) app_init: ELF file SHA256:  66eb901cd...[0m
[0;32mI (262) app_init: ESP-IDF:          v5.4.1-dirty[0m
[0;32mI (267) efuse_init: Min chip rev:     v0.0[0m
[0;32mI (271) efuse_init: Max chip rev:     v3.99 [0m
[0;32mI (275) efuse_init: Chip rev:         v3.1[0m
[0;32mI (279) heap_init: Initializing. RAM available for dynamic allocation:[0m
[0;32mI (285) heap_init: At 3FFAE6E0 len 00001920 (6 KiB): DRAM[0m
[0;32mI (290) heap_init: At 3FFB2D20 len 0002D2E0 (180 KiB): DRAM[0m
[0;32mI (295) heap_init: At 3FFE0440 len 00003AE0 (14 KiB): D/IRAM[0m
[0;32mI (301) heap_init: At 3FFE4350 len 0001BCB0 (111 KiB): D/IRAM[0m
[0;32mI (306) heap_init: At 4008E58C len 00011A74 (70 KiB): IRAM[0m
[0;32mI (313) spi_flash: detected chip: generic[0m
[0;32mI (315) spi_flash: flash io: dio[0m
[0;33mW (318) spi_flash: Detected size(4096k) larger than the size in the binary image header(2048k). Using the size in the binary image header.[0m
[0;32mI (331) main_task: Started on CPU0[0m
[0;32mI (341) main_task: Calling app_main()[0m
ets Jul 29 2019 12:21:46

rst:0x8 (TG1WDT_SYS_RESET),boot:0x13 (SPI_FAST_FLASH_BOOT)
configsip: 0, SPIWP:0xee
clk_drv:0x00,q_drv:0x00,d_drv:0x00,cs0_drv:0x00,hd_drv:0x00,wp_drv:0x00
mode:DIO, clock div:2
load:0x3fff0030,len:6276
load:0x40078000,len:15748
load:0x40080400,len:4
ho 8 tail 4 room 4
load:0x40080404,len:3860
entry 0x4008063c
[0;32mI (61) boot: ESP-IDF v5.4.1-dirty 2nd stage bootloader[0m
[0;32mI (61) boot: compile time Aug  6 2025 21:31:10[0m
[0;32mI (61) boot: Multicore bootloader[0m
[0;32mI (64) boot: chip revision: v3.1[0m
[0;32mI (67) boot.esp32: SPI Speed      : 40MHz[0m
[0;32mI (71) boot.esp32: SPI Mode       : DIO[0m
[0;32mI (74) boot.esp32: SPI Flash Size : 2MB[0m
[0;33mW (78) boot.esp32: PRO CPU has been reset by WDT[0m
[0;33mW (82) boot.esp32: WDT rst info: PRO CPU PC=0x40081a0e[0m
[0;33mW (87) boot.esp32: WDT rst info: APP CPU PC=0x400876b5[0m
[0;32mI (92) boot: Enabling RNG early entropy source...[0m
[0;32mI (96) boot: Partition Table:[0m
[0;32mI (99) boot: ## Label            Usage          Type ST Offset   Length[0m
[0;32mI (105) boot:  0 nvs              WiFi data        01 02 00009000 00006000[0m
[0;32mI (112) boot:  1 phy_init         RF data          01 01 0000f000 00001000[0m
[0;32mI (118) boot:  2 factory          factory app      00 00 00010000 00100000[0m
[0;32mI (125) boot: End of partition table[0m
[0;32mI (128) esp_image: segment 0: paddr=00010020 vaddr=3f400020 size=0afe4h ( 45028) map[0m
[0;32mI (151) esp_image: segment 1: paddr=0001b00c vaddr=3ff80000 size=0001ch (    28) load[0m
[0;32mI (152) esp_image: segment 2: paddr=0001b030 vaddr=3ffb0000 size=02438h (  9272) load[0m
[0;32mI (159) esp_image: segment 3: paddr=0001d470 vaddr=40080000 size=02ba8h ( 11176) load[0m
[0;32mI (167) esp_image: segment 4: paddr=00020020 vaddr=400d0020 size=15b54h ( 88916) map[0m
[0;32mI (201) esp_image: segment 5: paddr=00035b7c vaddr=40082ba8 size=0b9e4h ( 47588) load[0m
[0;32mI (226) boot: Loaded app from partition at offset 0x10000[0m
[0;32mI (226) boot: Disabling RNG early entropy source...[0m
[0;32mI (237) cpu_start: Multicore app[0m
[0;32mI (245) cpu_start: Pro cpu start user code[0m
[0;32mI (245) cpu_start: cpu freq: 160000000 Hz[0m
[0;32mI (245) app_init: Application information:[0m
[0;32mI (245) app_init: Project name:     testSPI[0m
[0;32mI (249) app_init: App version:      f8ca136[0m
[0;32mI (253) app_init: Compile time:     Aug  6 2025 21:31:05[0m
[0;32mI (258) app_init: ELF file SHA256:  66eb901cd...[0m
[0;32mI (263) app_init: ESP-IDF:          v5.4.1-dirty[0m
[0;32mI (267) efuse_init: Min chip rev:     v0.0[0m
[0;32mI (271) efuse_init: Max chip rev:     v3.99 [0m
[0;32mI (275) efuse_init: Chip rev:         v3.1[0m
[0;32mI (279) heap_init: Initializing. RAM available for dynamic allocation:[0m
[0;32mI (285) heap_init: At 3FFAE6E0 len 00001920 (6 KiB): DRAM[0m
[0;32mI (290) heap_init: At 3FFB2D20 len 0002D2E0 (180 KiB): DRAM[0m
[0;32mI (295) heap_init: At 3FFE0440 len 00003AE0 (14 KiB): D/IRAM[0m
[0;32mI (301) heap_init: At 3FFE4350 len 0001BCB0 (111 KiB): D/IRAM[0m
[0;32mI (306) heap_init: At 4008E58C len 00011A74 (70 KiB): IRAM[0m
[0;32mI (313) spi_flash: detected chip: generic[0m
[0;32mI (315) spi_flash: flash io: dio[0m
[0;33mW (318) spi_flash: Detected size(4096k) larger than the size in the binary image header(2048k). Using the size in the binary image header.[0m
[0;32mI (331) main_task: Started on CPU0[0m
[0;32mI (341) main_task: Calling app_main()[0m
ets Jul 29 2019 12:21:46

rst:0x8 (TG1WDT_SYS_RESET),boot:0x13 (SPI_FAST_FLASH_BOOT)
configsip: 0, SPIWP:0xee
clk_drv:0x00,q_drv:0x00,d_drv:0x00,cs0_drv:0x00,hd_drv:0x00,wp_drv:0x00
mode:DIO, clock div:2
load:0x3fff0030,len:6276
load:0x40078000,len:15748
load:0x40080400,len:4
ho 8 tail 4 room 4
load:0x40080404,len:3860
entry 0x4008063c
[0;32mI (61) boot: ESP-IDF v5.4.1-dirty 2nd stage bootloader[0m
[0;32mI (61) boot: compile time Aug  6 2025 21:31:10[0m
[0;32mI (61) boot: Multicore bootloader[0m
[0;32mI (64) boot: chip revision: v3.1[0m
[0;32mI (67) boot.esp32: SPI Speed      : 40MHz[0m
[0;32mI (71) boot.esp32: SPI Mode       : DIO[0m
[0;32mI (74) boot.esp32: SPI Flash Size : 2MB[0m
[0;33mW (78) boot.esp32: PRO CPU has been reset by WDT[0m
[0;33mW (82) boot.esp32: WDT rst info: PRO CPU PC=0x40081a0e[0m
[0;33mW (87) boot.esp32: WDT rst info: APP CPU PC=0x400876b5[0m
[0;32mI (92) boot: Enabling RNG early entropy source...[0m
[0;32mI (96) boot: Partition Table:[0m
[0;32mI (99) boot: ## Label            Usage          Type ST Offset   Length[0m
[0;32mI (105) boot:  0 nvs              WiFi data        01 02 00009000 00006000[0m
[0;32mI (112) boot:  1 phy_init         RF data          01 01 0000f000 00001000[0m
[0;32mI (118) boot:  2 factory          factory app      00 00 00010000 00100000[0m
[0;32mI (125) boot: End of partition table[0m
[0;32mI (128) esp_image: segment 0: paddr=00010020 vaddr=3f400020 size=0afe4h ( 45028) map[0m
[0;32mI (151) esp_image: segment 1: paddr=0001b00c vaddr=3ff80000 size=0001ch (    28) load[0m
[0;32mI (152) esp_image: segment 2: paddr=0001b030 vaddr=3ffb0000 size=02438h (  9272) load[0m
[0;32mI (159) esp_image: segment 3: paddr=0001d470 vaddr=40080000 size=02ba8h ( 11176) load[0m
[0;32mI (167) esp_image: segment 4: paddr=00020020 vaddr=400d0020 size=15b54h ( 88916) map[0m
[0;32mI (201) esp_image: segment 5: paddr=00035b7c vaddr=40082ba8 size=0b9e4h ( 47588) load[0m
[0;32mI (226) boot: Loaded app from partition at offset 0x10000[0m
[0;32mI (226) boot: Disabling RNG early entropy source...[0m
[0;32mI (237) cpu_start: Multicore app[0m
[0;32mI (245) cpu_start: Pro cpu start user code[0m
[0;32mI (245) cpu_start: cpu freq: 160000000 Hz[0m
[0;32mI (245) app_init: Application information:[0m
[0;32mI (245) app_init: Project name:     testSPI[0m
[0;32mI (249) app_init: App version:      f8ca136[0m
[0;32mI (253) app_init: Compile time:     Aug  6 2025 21:31:05[0m
[0;32mI (258) app_init: ELF file SHA256:  66eb901cd...[0m
[0;32mI (262) app_init: ESP-IDF:          v5.4.1-dirty[0m
[0;32mI (267) efuse_init: Min chip rev:     v0.0[0m
[0;32mI (271) efuse_init: Max chip rev:     v3.99 [0m
[0;32mI (275) efuse_init: Chip rev:         v3.1[0m
[0;32mI (279) heap_init: Initializing. RAM available for dynamic allocation:[0m
[0;32mI (285) heap_init: At 3FFAE6E0 len 00001920 (6 KiB): DRAM[0m
[0;32mI (290) heap_init: At 3FFB2D20 len 0002D2E0 (180 KiB): DRAM[0m
[0;32mI (295) heap_init: At 3FFE0440 len 00003AE0 (14 KiB): D/IRAM[0m
[0;32mI (301) heap_init: At 3FFE4350 len 0001BCB0 (111 KiB): D/IRAM[0m
[0;32mI (306) heap_init: At 4008E58C len 00011A74 (70 KiB): IRAM[0m
[0;32mI (313) spi_flash: detected chip: generic[0m
[0;32mI (315) spi_flash: flash io: dio[0m
[0;33mW (318) spi_flash: Detected size(4096k) larger than the size in the binary image header(2048k). Using the size in the binary image header.[0m
[0;32mI (331) main_task: Started on CPU0[0m
[0;32mI (341) main_task: Calling app_main()[0m
ets Jul 29 2019 12:21:46

rst:0x8 (TG1WDT_SYS_RESET),boot:0x13 (SPI_FAST_FLASH_BOOT)
configsip: 0, SPIWP:0xee
clk_drv:0x00,q_drv:0x00,d_drv:0x00,cs0_drv:0x00,hd_drv:0x00,wp_drv:0x00
mode:DIO, clock div:2
load:0x3fff0030,len:6276
load:0x40078000,len:15748
load:0x40080400,len:4
ho 8 tail 4 room 4
load:0x40080404,len:3860
entry 0x4008063c
[0;32mI (61) boot: ESP-IDF v5.4.1-dirty 2nd stage bootloader[0m
[0;32mI (61) boot: compile time Aug  6 2025 21:31:10[0m
[0;32mI (61) boot: Multicore bootloader[0m
[0;32mI (64) boot: chip revision: v3.1[0m
[0;32mI (67) boot.esp32: SPI Speed      : 40MHz[0m
[0;32mI (71) boot.esp32: SPI Mode       : DIO[0m
[0;32mI (74) boot.esp32: SPI Flash Size : 2MB[0m
[0;33mW (78) boot.esp32: PRO CPU has been reset by WDT[0m
[0;33mW (82) boot.esp32: WDT rst info: PRO CPU PC=0x40081a0e[0m
[0;33mW (87) boot.esp32: WDT rst info: APP CPU PC=0x40082e1c[0m
[0;32mI (92) boot: Enabling RNG early entropy source...[0m
[0;32mI (96) boot: Partition Table:[0m
[0;32mI (99) boot: ## Label            Usage          Type ST Offset   Length[0m
[0;32mI (105) boot:  0 nvs              WiFi data        01 02 00009000 00006000[0m
[0;32mI (112) boot:  1 phy_init         RF data          01 01 0000f000 00001000[0m
[0;32mI (118) boot:  2 factory          factory app      00 00 00010000 00100000[0m
[0;32mI (125) boot: End of partition table[0m
[0;32mI (128) esp_image: segment 0: paddr=00010020 vaddr=3f400020 size=0afe4h ( 45028) map[0m
[0;32mI (151) esp_image: segment 1: paddr=0001b00c vaddr=3ff80000 size=0001ch (    28) load[0m
[0;32mI (152) esp_image: segment 2: paddr=0001b030 vaddr=3ffb0000 size=02438h (  9272) load[0m
[0;32mI (159) esp_image: segment 3: paddr=0001d470 vaddr=40080000 size=02ba8h ( 11176) load[0m
[0;32mI (167) esp_image: segment 4: paddr=00020020 vaddr=400d0020 size=15b54h ( 88916) map[0m
[0;32mI (201) esp_image: segment 5: paddr=00035b7c vaddr=40082ba8 size=0b9e4h ( 47588) load[0m
[0;32mI (226) boot: Loaded app from partition at offset 0x10000[0m
[0;32mI (226) boot: Disabling RNG early entropy source...[0m
[0;32mI (237) cpu_start: Multicore app[0m
[0;32mI (245) cpu_start: Pro cpu start user code[0m
[0;32mI (245) cpu_start: cpu freq: 160000000 Hz[0m
[0;32mI (245) app_init: Application information:[0m
[0;32mI (245) app_init: Project name:     testSPI[0m
[0;32mI (249) app_init: App version:      f8ca136[0m
[0;32mI (253) app_init: Compile time:     Aug  6 2025 21:31:05[0m
[0;32mI (258) app_init: ELF file SHA256:  66eb901cd...[0m
[0;32mI (262) app_init: ESP-IDF:          v5.4.1-dirty[0m
[0;32mI (267) efuse_init: Min chip rev:     v0.0[0m
[0;32mI (271) efuse_init: Max chip rev:     v3.99 [0m
[0;32mI (275) efuse_init: Chip rev:         v3.1[0m
[0;32mI (279) heap_init: Initializing. RAM available for dynamic allocation:[0m
[0;32mI (285) heap_init: At 3FFAE6E0 len 00001920 (6 KiB): DRAM[0m
[0;32mI (290) heap_init: At 3FFB2D20 len 0002D2E0 (180 KiB): DRAM[0m
[0;32mI (295) heap_init: At 3FFE0440 len 00003AE0 (14 KiB): D/IRAM[0m
[0;32mI (301) heap_init: At 3FFE4350 len 0001BCB0 (111 KiB): D/IRAM[0m
[0;32mI (306) heap_init: At 4008E58C len 00011A74 (70 KiB): IRAM[0m
[0;32mI (313) spi_flash: detected chip: generic[0m
[0;32mI (315) spi_flash: flash io: dio[0m
[0;33mW (318) spi_flash: Detected size(4096k) larger than the size in the binary image header(2048k). Using the size in the binary image header.[0m
[0;32mI (331) main_task: Started on CPU0[0m
[0;32mI (341) main_task: Calling app_main()[0m
ets Jul 29 2019 12:21:46

rst:0x8 (TG1WDT_SYS_RESET),boot:0x13 (SPI_FAST_FLASH_BOOT)
configsip: 0, SPIWP:0xee
clk_drv:0x00,q_drv:0x00,d_drv:0x00,cs0_drv:0x00,hd_drv:0x00,wp_drv:0x00
mode:DIO, clock div:2
load:0x3fff0030,len:6276
load:0x40078000,len:15748
load:0x40080400,len:4
ho 8 tail 4 room 4
load:0x40080404,len:3860
entry 0x4008063c
[0;32mI (61) boot: ESP-IDF v5.4.1-dirty 2nd stage bootloader[0m
[0;32mI (61) boot: compile time Aug  6 2025 21:31:10[0m
[0;32mI (61) boot: Multicore bootloader[0m
[0;32mI (64) boot: chip revision: v3.1[0m
[0;32mI (67) boot.esp32: SPI Speed      : 40MHz[0m
[0;32mI (71) boot.esp32: SPI Mode       : DIO[0m
[0;32mI (74) boot.esp32: SPI Flash Size : 2MB[0m
[0;33mW (78) boot.esp32: PRO CPU has been reset by WDT[0m
[0;33mW (82) boot.esp32: WDT rst info: PRO CPU PC=0x40081a0e[0m
[0;33mW (87) boot.esp32: WDT rst info: APP CPU PC=0x400876ba[0m
[0;32mI (92) boot: Enabling RNG early entropy source...[0m
[0;32mI (96) boot: Partition Table:[0m
[0;32mI (99) boot: ## Label            Usage          Type ST Offset   Length[0m
[0;32mI (105) boot:  0 nvs              WiFi data        01 02 00009000 00006000[0m
[0;32mI (112) boot:  1 phy_init         RF data          01 01 0000f000 00001000[0m
[0;32mI (118) boot:  2 factory          factory app      00 00 00010000 00100000[0m
[0;32mI (125) boot: End of partition table[0m
[0;32mI (128) esp_image: segment 0: paddr=00010020 vaddr=3f400020 size=0afe4h ( 45028) map[0m
[0;32mI (151) esp_image: segment 1: paddr=0001b00c vaddr=3ff80000 size=0001ch (    28) load[0m
[0;32mI (152) esp_image: segment 2: paddr=0001b030 vaddr=3ffb0000 size=02438h (  9272) load[0m
[0;32mI (159) esp_image: segment 3: paddr=0001d470 vaddr=40080000 size=02ba8h ( 11176) load[0m
[0;32mI (167) esp_image: segment 4: paddr=00020020 vaddr=400d0020 size=15b54h ( 88916) map[0m
[0;32mI (201) esp_image: segment 5: paddr=00035b7c vaddr=40082ba8 size=0b9e4h ( 47588) load[0m
[0;32mI (226) boot: Loaded app from partition at offset 0x10000[0m
[0;32mI (226) boot: Disabling RNG early entropy source...[0m
[0;32mI (237) cpu_start: Multicore app[0m
[0;32mI (245) cpu_start: Pro cpu start user code[0m
[0;32mI (245) cpu_start: cpu freq: 160000000 Hz[0m
[0;32mI (245) app_init: Application information:[0m
[0;32mI (245) app_init: Project name:     testSPI[0m
[0;32mI (249) app_init: App version:      f8ca136[0m
[0;32mI (253) app_init: Compile time:     Aug  6 2025 21:31:05[0m
[0;32mI (258) app_init: ELF file SHA256:  66eb901cd...[0m
[0;32mI (262) app_init: ESP-IDF:          v5.4.1-dirty[0m
[0;32mI (267) efuse_init: Min chip rev:     v0.0[0m
[0;32mI (271) efuse_init: Max chip rev:     v3.99 [0m
[0;32mI (275) efuse_init: Chip rev:         v3.1[0m
[0;32mI (279) heap_init: Initializing. RAM available for dynamic allocation:[0m
[0;32mI (285) heap_init: At 3FFAE6E0 len 00001920 (6 KiB): DRAM[0m
[0;32mI (290) heap_init: At 3FFB2D20 len 0002D2E0 (180 KiB): DRAM[0m
[0;32mI (295) heap_init: At 3FFE0440 len 00003AE0 (14 KiB): D/IRAM[0m
[0;32mI (301) heap_init: At 3FFE4350 len 0001BCB0 (111 KiB): D/IRAM[0m
[0;32mI (306) heap_init: At 4008E58C len 00011A74 (70 KiB): IRAM[0m
[0;32mI (313) spi_flash: detected chip: generic[0m
[0;32mI (315) spi_flash: flash io: dio[0m
[0;33mW (318) spi_flash: Detected size(4096k) larger than the size in the binary image header(2048k). Using the size in the binary image header.[0m
[0;32mI (331) main_task: Started on CPU0[0m
[0;32mI (341) main_task: Calling app_main()[0m
ets Jul 29 2019 12:21:46

rst:0x8 (TG1WDT_SYS_RESET),boot:0x13 (SPI_FAST_FLASH_BOOT)
configsip: 0, SPIWP:0xee
clk_drv:0x00,q_drv:0x00,d_drv:0x00,cs0_drv:0x00,hd_drv:0x00,wp_drv:0x00
mode:DIO, clock div:2
load:0x3fff0030,len:6276
load:0x40078000,len:15748
load:0x40080400,len:4
ho 8 tail 4 room 4
load:0x40080404,len:3860
entry 0x4008063c
[0;32mI (61) boot: ESP-IDF v5.4.1-dirty 2nd stage bootloader[0m
[0;32mI (61) boot: compile time Aug  6 2025 21:31:10[0m
[0;32mI (61) boot: Multicore bootloader[0m
[0;32mI (64) boot: chip revision: v3.1[0m
[0;32mI (67) boot.esp32: SPI Speed      : 40MHz[0m
[0;32mI (71) boot.esp32: SPI Mode       : DIO[0m
[0;32mI (74) boot.esp32: SPI Flash Size : 2MB[0m
[0;33mW (78) boot.esp32: PRO CPU has been reset by WDT[0m
[0;33mW (82) boot.esp32: WDT rst info: PRO CPU PC=0x40081a0e[0m
[0;33mW (87) boot.esp32: WDT rst info: APP CPU PC=0x400876bc[0m
[0;32mI (92) boot: Enabling RNG early entropy source...[0m
[0;32mI (96) boot: Partition Table:[0m
[0;32mI (99) boot: ## Label            Usage          Type ST Offset   Length[0m
[0;32mI (105) boot:  0 nvs              WiFi data        01 02 00009000 00006000[0m
[0;32mI (112) boot:  1 phy_init         RF data          01 01 0000f000 00001000[0m
[0;32mI (118) boot:  2 factory          factory app      00 00 00010000 00100000[0m
[0;32mI (125) boot: End of partition table[0m
[0;32mI (128) esp_image: segment 0: paddr=00010020 vaddr=3f400020 size=0afe4h ( 45028) map[0m
[0;32mI (151) esp_image: segment 1: paddr=0001b00c vaddr=3ff80000 size=0001ch (    28) load[0m
[0;32mI (152) esp_image: segment 2: paddr=0001b030 vaddr=3ffb0000 size=02438h (  9272) load[0m
[0;32mI (159) esp_image: segment 3: paddr=0001d470 vaddr=40080000 size=02ba8h ( 11176) load[0m
[0;32mI (167) esp_image: segment 4: paddr=00020020 vaddr=400d0020 size=15b54h ( 88916) map[0m
[0;32mI (201) esp_image: segment 5: paddr=00035b7c vaddr=40082ba8 size=0b9e4h ( 47588) load[0m
[0;32mI (226) boot: Loaded app from partition at offset 0x10000[0m
[0;32mI (226) boot: Disabling RNG early entropy source...[0m
[0;32mI (237) cpu_start: Multicore app[0m
[0;32mI (245) cpu_start: Pro cpu start user code[0m
[0;32mI (245) cpu_start: cpu freq: 160000000 Hz[0m
[0;32mI (245) app_init: Application information:[0m
[0;32mI (245) app_init: Project name:     testSPI[0m
[0;32mI (249) app_init: App version:      f8ca136[0m
[0;32mI (253) app_init: Compile time:     Aug  6 2025 21:31:05[0m
[0;32mI (258) app_init: ELF file SHA256:  66eb901cd...[0m
[0;32mI (263) app_init: ESP-IDF:          v5.4.1-dirty[0m
[0;32mI (267) efuse_init: Min chip rev:     v0.0[0m
[0;32mI (271) efuse_init: Max chip rev:     v3.99 [0m
[0;32mI (275) efuse_init: Chip rev:         v3.1[0m
[0;32mI (279) heap_init: Initializing. RAM available for dynamic allocation:[0m
[0;32mI (285) heap_init: At 3FFAE6E0 len 00001920 (6 KiB): DRAM[0m
[0;32mI (290) heap_init: At 3FFB2D20 len 0002D2E0 (180 KiB): DRAM[0m
[0;32mI (295) heap_init: At 3FFE0440 len 00003AE0 (14 KiB): D/IRAM[0m
[0;32mI (301) heap_init: At 3FFE4350 len 0001BCB0 (111 KiB): D/IRAM[0m
[0;32mI (306) heap_init: At 4008E58C len 00011A74 (70 KiB): IRAM[0m
[0;32mI (313) spi_flash: detected chip: generic[0m
[0;32mI (315) spi_flash: flash io: dio[0m
[0;33mW (318) spi_flash: Detected size(4096k) larger than the size in the binary image header(2048k). Using the size in the binary image header.[0m
[0;32mI (331) main_task: Started on CPU0[0m
[0;32mI (341) main_task: Calling app_main()[0m
ets Jul 29 2019 12:21:46

rst:0x8 (TG1WDT_SYS_RESET),boot:0x13 (SPI_FAST_FLASH_BOOT)
configsip: 0, SPIWP:0xee
clk_drv:0x00,q_drv:0x00,d_drv:0x00,cs0_drv:0x00,hd_drv:0x00,wp_drv:0x00
mode:DIO, clock div:2
load:0x3fff0030,len:6276
load:0x40078000,len:15748
load:0x40080400,len:4
ho 8 tail 4 room 4
load:0x40080404,len:3860
entry 0x4008063c
[0;32mI (61) boot: ESP-IDF v5.4.1-dirty 2nd stage bootloader[0m
[0;32mI (61) boot: compile time Aug  6 2025 21:31:10[0m
[0;32mI (61) boot: Multicore bootloader[0m
[0;32mI (64) boot: chip revision: v3.1[0m
[0;32mI (67) boot.esp32: SPI Speed      : 40MHz[0m
[0;32mI (71) boot.esp32: SPI Mode       : DIO[0m
[0;32mI (74) boot.esp32: SPI Flash Size : 2MB[0m
[0;33mW (78) boot.esp32: PRO CPU has been reset by WDT[0m
[0;33mW (82) boot.esp32: WDT rst info: PRO CPU PC=0x40081a0e[0m
[0;33mW (87) boot.esp32: WDT rst info: APP CPU PC=0x400876b2[0m
[0;32mI (92) boot: Enabling RNG early entropy source...[0m
[0;32mI (96) boot: Partition Table:[0m
[0;32mI (99) boot: ## Label            Usage          Type ST Offset   Length[0m
[0;32mI (105) boot:  0 nvs              WiFi data        01 02 00009000 00006000[0m
[0;32mI (112) boot:  1 phy_init         RF data          01 01 0000f000 00001000[0m
[0;32mI (118) boot:  2 factory          factory app      00 00 00010000 00100000[0m
[0;32mI (125) boot: End of partition table[0m
[0;32mI (128) esp_image: segment 0: paddr=00010020 vaddr=3f400020 size=0afe4h ( 45028) map[0m
[0;32mI (151) esp_image: segment 1: paddr=0001b00c vaddr=3ff80000 size=0001ch (    28) load[0m
[0;32mI (152) esp_image: segment 2: paddr=0001b030 vaddr=3ffb0000 size=02438h (  9272) load[0m
[0;32mI (159) esp_image: segment 3: paddr=0001d470 vaddr=40080000 size=02ba8h ( 11176) load[0m
[0;32mI (167) esp_image: segment 4: paddr=00020020 vaddr=400d0020 size=15b54h ( 88916) map[0m
[0;32mI (201) esp_image: segment 5: paddr=00035b7c vaddr=40082ba8 size=0b9e4h ( 47588) load[0m
[0;32mI (226) boot: Loaded app from partition at offset 0x10000[0m
[0;32mI (226) boot: Disabling RNG early entropy source...[0m
[0;32mI (237) cpu_start: Multicore app[0m
[0;32mI (245) cpu_start: Pro cpu start user code[0m
[0;32mI (245) cpu_start: cpu freq: 160000000 Hz[0m
[0;32mI (245) app_init: Application information:[0m
[0;32mI (245) app_init: Project name:     testSPI[0m
[0;32mI (249) app_init: App version:      f8ca136[0m
[0;32mI (253) app_init: Compile time:     Aug  6 2025 21:31:05[0m
[0;32mI (258) app_init: ELF file SHA256:  66eb901cd...[0m
[0;32mI (262) app_init: ESP-IDF:          v5.4.1-dirty[0m
[0;32mI (267) efuse_init: Min chip rev:     v0.0[0m
[0;32mI (271) efuse_init: Max chip rev:     v3.99 [0m
[0;32mI (275) efuse_init: Chip rev:         v3.1[0m
[0;32mI (279) heap_init: Initializing. RAM available for dynamic allocation:[0m
[0;32mI (285) heap_init: At 3FFAE6E0 len 00001920 (6 KiB): DRAM[0m
[0;32mI (290) heap_init: At 3FFB2D20 len 0002D2E0 (180 KiB): DRAM[0m
[0;32mI (295) heap_init: At 3FFE0440 len 00003AE0 (14 KiB): D/IRAM[0m
[0;32mI (301) heap_init: At 3FFE4350 len 0001BCB0 (111 KiB): D/IRAM[0m
[0;32mI (306) heap_init: At 4008E58C len 00011A74 (70 KiB): IRAM[0m
[0;32mI (313) spi_flash: detected chip: generic[0m
[0;32mI (315) spi_flash: flash io: dio[0m
[0;33mW (318) spi_flash: Detected size(4096k) larger than the size in the binary image header(2048k). Using the size in the binary image header.[0m
[0;32mI (331) main_task: Started on CPU0[0m
[0;32mI (341) main_task: Calling app_main()[0m
